#
# A fatal error has been detected by the Java Runtime Environment:
#
#  EXCEPTION_ACCESS_VIOLATION (0xc0000005) at pc=0x00007ffcbee11bd1, pid=20676, tid=10640
#
# JRE version:  (21.0.8+9) (build )
# Java VM: OpenJDK 64-Bit Server VM (21.0.8+9-LTS, mixed mode, sharing, tiered, compressed class ptrs, unknown gc, windows-amd64)
# Problematic frame:
# C  [jimage.dll+0x1bd1]
#
# No core dump will be written. Minidumps are not enabled by default on client versions of Windows
#
#

---------------  S U M M A R Y ------------

Command Line: 

Host: 11th Gen Intel(R) Core(TM) i7-1165G7 @ 2.80GHz, 8 cores, 7G,  Windows 11 , 64 bit Build 26100 (10.0.26100.8521)
Time: Mon Jun 29 14:12:47 2026 New Zealand Standard Time elapsed time: 0.023794 seconds (0d 0h 0m 0s)

---------------  T H R E A D  ---------------

Current thread is native thread

Stack: [0x000000d917600000,0x000000d917700000],  sp=0x000000d9176fd180,  free space=1012k
Native frames: (J=compiled Java code, j=interpreted, Vv=VM code, C=native code)
C  [jimage.dll+0x1bd1]
C  [jimage.dll+0x1d5f]
C  [jimage.dll+0x2641]
V  [jvm.dll+0x224ee0]
V  [jvm.dll+0xcb377]
V  [jvm.dll+0x86e03c]
V  [jvm.dll+0x45cfae]
V  [jvm.dll+0x45ec31]
C  [jli.dll+0x52ab]
C  [ucrtbase.dll+0x2cd30]
C  [KERNEL32.DLL+0x2e957]
C  [ntdll.dll+0x87c1c]


siginfo: EXCEPTION_ACCESS_VIOLATION (0xc0000005), reading address 0x000000000000090c


Registers:
RAX=0x000000000000023c, RBX=0x000000d9176fd271, RCX=0x00007ffcbee16000, RDX=0x000000000000023c
RSP=0x000000d9176fd180, RBP=0x000000d9176fd270, RSI=0x0000000000006f34, RDI=0x000000d9176fd270
R8 =0x00007ffcbee14288, R9 =0x000000000000001c, R10=0x00007ffcbda50000, R11=0x00007ffcbee16000
R12=0x0000000000000000, R13=0x000000d9176ff700, R14=0x000000d9176fe2e0, R15=0x00007ffbf4d1d4c0
RIP=0x00007ffcbee11bd1, EFLAGS=0x0000000000010246

XMM[0]=0x0000000000000000 0x0000000000000000
XMM[1]=0x2f6d762f6c616e72 0x65746e692f6b646a
XMM[2]=0x736e6f6974706f2f 0x6d762f6c616e7265
XMM[3]=0x0000000000000000 0x0000000000000000
XMM[4]=0x0000000000000000 0x0000000000000000
XMM[5]=0x0000000000000000 0x0000000000000000
XMM[6]=0x0000000000000000 0x0000000000000000
XMM[7]=0x0000000000000000 0x0000000000000000
XMM[8]=0x0000000000000000 0x0000000000000000
XMM[9]=0x0000000000000000 0x0000000000000000
XMM[10]=0x0000000000000000 0x0000000000000000
XMM[11]=0x0000000000000000 0x0000000000000000
XMM[12]=0x0000000000000000 0x0000000000000000
XMM[13]=0x0000000000000000 0x0000000000000000
XMM[14]=0x0000000000000000 0x0000000000000000
XMM[15]=0x0000000000000000 0x0000000000000000
  MXCSR=0x00001f80


Top of Stack: (sp=0x000000d9176fd180)
0x000000d9176fd180:   0000023a00000000 00007ffccff574ba
0x000000d9176fd190:   0000023a00000200 0000023a278a8682
0x000000d9176fd1a0:   0000023a2795d250 00007ffcbee11d5f
0x000000d9176fd1b0:   000000000000000b 0000023a2795d250
0x000000d9176fd1c0:   0000000000000200 0000023a278a8821
0x000000d9176fd1d0:   0000023a27873ab0 00000000000000d0
0x000000d9176fd1e0:   0000000000000000 0000000027860150
0x000000d9176fd1f0:   0000006800000000 0000023a2795d250
0x000000d9176fd200:   0000023a2795d250 000000d9176fd280
0x000000d9176fd210:   000036f70b8a58b6 00007ffccfeb22fd
0x000000d9176fd220:   00007ffbf4cfadb0 0000000000000017
0x000000d9176fd230:   0000023a2795d250 000000d9176fe2e0
0x000000d9176fd240:   000000000000000b 00007ffcbee12641
0x000000d9176fd250:   0000023a29ca7000 0000023a27860000
0x000000d9176fd260:   0000023a2788f7b0 0000000000000001
0x000000d9176fd270:   61622e6176616a2f 692f6b646a2f6573
0x000000d9176fd280:   2f6c616e7265746e 6f6974706f2f6d76
0x000000d9176fd290:   000000000000736e 0000023a29ce22c0
0x000000d9176fd2a0:   0000000000005ec0 00007ffccff56628
0x000000d9176fd2b0:   0000023a27890150 0000023a27860150
0x000000d9176fd2c0:   0000023a29ce8180 0000023a27860000
0x000000d9176fd2d0:   0000023a00000300 00000000000005ec
0x000000d9176fd2e0:   00000000000000e4 000055fc7b773915
0x000000d9176fd2f0:   00000001017f0000 00007f0100000001
0x000000d9176fd300:   0000023a29ce22d0 0000000000000000
0x000000d9176fd310:   000000d900000000 0000023a29ce22c0
0x000000d9176fd320:   0000000000000000 0000000000000000
0x000000d9176fd330:   0000023a277f0000 0000023a0020003e
0x000000d9176fd340:   0000000000000000 0000023a29ce22c0
0x000000d9176fd350:   000000d9176fdc70 0000000000000001
0x000000d9176fd360:   0000000000000342 0000000000000035
0x000000d9176fd370:   0000000000000001 0000000000000342 

Instructions: (pc=0x00007ffcbee11bd1)
0x00007ffcbee11ad1:   48 85 c9 74 1d 80 3d 33 45 00 00 00 74 06 48 8b
0x00007ffcbee11ae1:   53 18 eb 04 48 8b 53 40 e8 b2 0e 00 00 48 83 63
0x00007ffcbee11af1:   48 00 8b 4b 0c 83 f9 ff 74 09 e8 e8 0c 00 00 83
0x00007ffcbee11b01:   4b 0c ff 48 8b 4b 70 48 85 c9 74 0f ba 10 00 00
0x00007ffcbee11b11:   00 e8 09 0f 00 00 48 83 63 70 00 48 83 c4 20 5b
0x00007ffcbee11b21:   c3 cc cc 40 53 48 83 ec 20 48 8b d9 48 8d 0d ec
0x00007ffcbee11b31:   46 00 00 e8 b7 0c 00 00 83 6b 08 01 75 24 48 8b
0x00007ffcbee11b41:   d3 48 8d 0d cf 44 00 00 e8 22 08 00 00 48 8b cb
0x00007ffcbee11b51:   e8 de fe ff ff ba 78 00 00 00 48 8b cb e8 bd 0e
0x00007ffcbee11b61:   00 00 48 8d 0d b6 46 00 00 48 83 c4 20 5b e9 84
0x00007ffcbee11b71:   0c 00 00 48 89 5c 24 08 48 89 74 24 10 57 48 83
0x00007ffcbee11b81:   ec 20 41 8b f1 4d 8b c8 48 8b fa 4c 8b d9 4d 85
0x00007ffcbee11b91:   c0 74 78 85 f6 74 74 44 8a 12 48 8d 5a 01 48 8b
0x00007ffcbee11ba1:   d3 b8 93 01 00 01 eb 12 69 c0 93 01 00 01 41 0f
0x00007ffcbee11bb1:   b6 ca 44 8a 12 33 c1 48 ff c2 45 84 d2 75 e9 4d
0x00007ffcbee11bc1:   8b 03 0f ba f0 1f 33 d2 49 8b cb f7 f6 48 63 c2
0x00007ffcbee11bd1:   41 8b 14 81 41 ff 50 08 85 c0 7e 24 8a 0f eb 10
0x00007ffcbee11be1:   69 c0 93 01 00 01 0f b6 c9 33 c1 8a 0b 48 ff c3
0x00007ffcbee11bf1:   84 c9 75 ec 0f ba f0 1f 33 d2 f7 f6 8b c2 eb 0e
0x00007ffcbee11c01:   79 09 83 c9 ff 2b c8 8b c1 eb 03 83 c8 ff 48 8b
0x00007ffcbee11c11:   5c 24 30 48 8b 74 24 38 48 83 c4 20 5f c3 cc 48
0x00007ffcbee11c21:   89 5c 24 08 48 89 74 24 10 57 48 83 ec 20 48 8b
0x00007ffcbee11c31:   f1 48 8d 0d e7 45 00 00 e8 b2 0b 00 00 33 ff 39
0x00007ffcbee11c41:   3d d2 43 00 00 76 24 48 8b 05 d1 43 00 00 48 8b
0x00007ffcbee11c51:   d6 48 8b 1c f8 48 8b 0b e8 7c 1e 00 00 85 c0 74
0x00007ffcbee11c61:   2b ff c7 3b 3d ae 43 00 00 72 dc 33 db 48 8d 0d
0x00007ffcbee11c71:   ab 45 00 00 e8 7e 0b 00 00 48 8b 74 24 38 48 8b
0x00007ffcbee11c81:   c3 48 8b 5c 24 30 48 83 c4 20 5f c3 ff 43 08 eb
0x00007ffcbee11c91:   dc cc cc 48 89 5c 24 08 48 89 74 24 10 57 48 83
0x00007ffcbee11ca1:   ec 20 48 8b d9 48 8b f2 48 8b 49 10 49 8b f8 8b
0x00007ffcbee11cb1:   53 30 48 8b 01 ff 50 20 4c 8b 43 50 48 8b d6 48
0x00007ffcbee11cc1:   8b 4b 10 44 8b c8 e8 a8 fe ff ff 83 f8 ff 74 38 



---------------  P R O C E S S  ---------------

VM state: not at safepoint (not fully initialized)

VM Mutex/Monitor currently owned by a thread: None

CDS archive(s) mapped at: [0x0000000000000000-0x0000000000000000-0x0000000000000000), size 0, SharedBaseAddress: 0x0000000800000000, ArchiveRelocationMode: 1.
Narrow klass base: 0x0000000000000000, Narrow klass shift: 0, Narrow klass range: 0x0

GC Precious Log:
<Not initialized>


Dynamic libraries:
0x00007ff6e4200000 - 0x00007ff6e4276000 	C:\Users\Bored\AppData\Local\JetBrains\CLion2026.1\acp-agents\junie\1543.24.0\junie\junie.exe
0x00007ffccfe40000 - 0x00007ffcd00a6000 	C:\WINDOWS\SYSTEM32\ntdll.dll
0x00007ffccf270000 - 0x00007ffccf339000 	C:\WINDOWS\System32\KERNEL32.DLL
0x00007ffccd7b0000 - 0x00007ffccdbaa000 	C:\WINDOWS\System32\KERNELBASE.dll
0x00007ffccdc90000 - 0x00007ffccde57000 	C:\WINDOWS\System32\USER32.dll
0x00007ffccd780000 - 0x00007ffccd7a7000 	C:\WINDOWS\System32\win32u.dll
0x00007ffccfbf0000 - 0x00007ffccfc1b000 	C:\WINDOWS\System32\GDI32.dll
0x00007ffccd5a0000 - 0x00007ffccd6cb000 	C:\WINDOWS\System32\gdi32full.dll
0x00007ffccd6d0000 - 0x00007ffccd773000 	C:\WINDOWS\System32\msvcp_win.dll
0x00007ffccd0d0000 - 0x00007ffccd21c000 	C:\WINDOWS\System32\ucrtbase.dll
0x00007ffccde60000 - 0x00007ffcce5e4000 	C:\WINDOWS\System32\SHELL32.dll
0x00007ffccf230000 - 0x00007ffccf262000 	C:\WINDOWS\System32\IMM32.DLL
0x00007ffccf660000 - 0x00007ffccf756000 	C:\WINDOWS\System32\shcore.dll
0x00007ffcbda70000 - 0x00007ffcbda88000 	C:\Users\Bored\AppData\Local\JetBrains\CLion2026.1\acp-agents\junie\1543.24.0\junie\runtime\bin\jli.dll
0x00007ffcb75d0000 - 0x00007ffcb7862000 	C:\WINDOWS\WinSxS\amd64_microsoft.windows.common-controls_6595b64144ccf1df_6.0.26100.8521_none_3e08b75ce33403b3\COMCTL32.dll
0x00007ffccfd50000 - 0x00007ffccfdf9000 	C:\WINDOWS\System32\msvcrt.dll
0x00007ffcbda50000 - 0x00007ffcbda6b000 	C:\Users\Bored\AppData\Local\JetBrains\CLion2026.1\acp-agents\junie\1543.24.0\junie\runtime\bin\VCRUNTIME140.dll
0x00007ffcbfef0000 - 0x00007ffcbfefc000 	C:\Users\Bored\AppData\Local\JetBrains\CLion2026.1\acp-agents\junie\1543.24.0\junie\runtime\bin\vcruntime140_1.dll
0x00007ffc73fd0000 - 0x00007ffc7405d000 	C:\Users\Bored\AppData\Local\JetBrains\CLion2026.1\acp-agents\junie\1543.24.0\junie\runtime\bin\msvcp140.dll
0x00007ffbf4300000 - 0x00007ffbf50a7000 	C:\Users\Bored\AppData\Local\JetBrains\CLion2026.1\acp-agents\junie\1543.24.0\junie\runtime\bin\server\jvm.dll
0x00007ffccfc90000 - 0x00007ffccfd46000 	C:\WINDOWS\System32\ADVAPI32.dll
0x00007ffcce7a0000 - 0x00007ffcce84a000 	C:\WINDOWS\System32\sechost.dll
0x00007ffcce680000 - 0x00007ffcce798000 	C:\WINDOWS\System32\RPCRT4.dll
0x00007ffccf5d0000 - 0x00007ffccf650000 	C:\WINDOWS\System32\WS2_32.dll
0x00007ffcb7ad0000 - 0x00007ffcb7b06000 	C:\WINDOWS\SYSTEM32\WINMM.dll
0x00007ffcccf30000 - 0x00007ffcccf8e000 	C:\WINDOWS\SYSTEM32\POWRPROF.dll
0x00007ffccba10000 - 0x00007ffccba1b000 	C:\WINDOWS\SYSTEM32\VERSION.dll
0x00007ffcccf10000 - 0x00007ffcccf24000 	C:\WINDOWS\SYSTEM32\UMPDC.dll
0x00007ffccbe60000 - 0x00007ffccbe7b000 	C:\WINDOWS\SYSTEM32\kernel.appcore.dll
0x00007ffcbee10000 - 0x00007ffcbee1a000 	C:\Users\Bored\AppData\Local\JetBrains\CLion2026.1\acp-agents\junie\1543.24.0\junie\runtime\bin\jimage.dll
0x00007ffcc9df0000 - 0x00007ffcca032000 	C:\WINDOWS\SYSTEM32\DBGHELP.DLL
0x00007ffcce850000 - 0x00007ffccebd3000 	C:\WINDOWS\System32\combase.dll
0x00007ffccdbb0000 - 0x00007ffccdc89000 	C:\WINDOWS\System32\OLEAUT32.dll
0x00007ffc9e880000 - 0x00007ffc9e8bb000 	C:\WINDOWS\SYSTEM32\dbgcore.DLL
0x00007ffccd220000 - 0x00007ffccd2c8000 	C:\WINDOWS\System32\bcryptPrimitives.dll

JVMTI agents: none

dbghelp: loaded successfully - version: 4.0.5 - missing functions: none
symbol engine: initialized successfully - sym options: 0x614 - pdb path: .;C:\Users\Bored\AppData\Local\JetBrains\CLion2026.1\acp-agents\junie\1543.24.0\junie;C:\WINDOWS\SYSTEM32;C:\Users\Bored\AppData\Local\JetBrains\CLion2026.1\acp-agents\junie\1543.24.0\junie\runtime\bin;C:\WINDOWS\WinSxS\amd64_microsoft.windows.common-controls_6595b64144ccf1df_6.0.26100.8521_none_3e08b75ce33403b3;C:\Users\Bored\AppData\Local\JetBrains\CLion2026.1\acp-agents\junie\1543.24.0\junie\runtime\bin\server

VM Arguments:
java_command: <unknown>
java_class_path (initial): <not set>
Launcher Type: SUN_STANDARD

[Global flags]
     bool UseLargePagesIndividualAllocation        = false                                  {pd product} {ergonomic}

Logging:
Log output configuration:
 #0: stdout all=warning uptime,level,tags foldmultilines=false
 #1: stderr all=off uptime,level,tags foldmultilines=false

Environment Variables:
PATH=C:\Python314\Scripts\;C:\Python314\;C:\Program Files (x86)\Common Files\Intel\Shared Libraries\redist\intel64\compiler;C:\Program Files\Common Files\Oracle\Java\javapath;C:\Program Files (x86)\Common Files\Oracle\Java\javapath;C:\WINDOWS\system32;C:\WINDOWS;C:\WINDOWS\System32\Wbem;C:\WINDOWS\System32\WindowsPowerShell\v1.0\;C:\WINDOWS\System32\OpenSSH\;C:\Program Files\Git\cmd;C:\Program Files\MATLAB\R2023b\bin;C:\Program Files\dotnet\;C:\MinGW\bin;C:\Program Files (x86)\Windows Kits\10\Windows Performance Toolkit\;C:\Program Files\nodejs\;C:\ProgramData\chocolatey\bin;C:\Users\Bored\AppData\Local\Microsoft\WindowsApps;C:\Users\Bored\AppData\Local\Programs\Microsoft VS Code\bin;C:\Users\Bored\AppData\Local\GitHubDesktop\bin;C:\MinGW\bin;C:\Program Files\JetBrains\IntelliJ IDEA Community Edition 2024.3.5\bin;C:\Program Files\JetBrains\IntelliJ IDEA 2025.1.1\bin;C:\intelFPGA_lite\18.1\modelsim_ase\win32aloem;C:\Program Files\JetBrains\PyCharm 2026.1.1\bin;C:\Program Files\JetBrains\WebStorm 2026.1.1\bin;C:\Users\Bored\AppData\Roaming\npm;C:\Users\Bored\AppData\Local\JetBrains\Toolbox\scripts;;C:\Users\Bored\AppData\Local\JetBrains\CLion2026.1\acp-agents\junie\1543.24.0\junie\app
USERNAME=Bored
OS=Windows_NT
PROCESSOR_IDENTIFIER=Intel64 Family 6 Model 140 Stepping 1, GenuineIntel
TMP=C:\Users\Bored\AppData\Local\Temp
TEMP=C:\Users\Bored\AppData\Local\Temp




Periodic native trim disabled

---------------  S Y S T E M  ---------------

OS:
 Windows 11 , 64 bit Build 26100 (10.0.26100.8521)
OS uptime: 5 days 11:52 hours

CPU: total 8 (initial active 0) 
Processor Information for the first 8 processors :
  Max Mhz: 2803, Current Mhz: 2803, Mhz Limit: 2803

Memory: 4k page, system-wide physical 7991M (780M free)
TotalPageFile size 16519M (AvailPageFile size 3350M)
current process WorkingSet (physical memory assigned to process): 11M, peak: 11M
current process commit charge ("private bytes"): 3M, peak: 3M

vm_info: OpenJDK 64-Bit Server VM (21.0.8+9-LTS) for windows-amd64 JRE (21.0.8+9-LTS), built on 2025-07-09T19:22:31Z by "Administrator" with MS VC++ 16.10 / 16.11 (VS2019)

END.
