[01:06:56] start: methods=('replicate-wgs', 'shadow-nullspace', 'curvature-boost'), grid=(49, 31, 41), points=62,279, block=2048, max_seconds=120.0
[01:06:56] replicate-wgs: synthesizing phases
[01:06:56] replicate-wgs: evaluating 62,279 grid points in blocks of 2048
[01:06:57] replicate-wgs: 2,048/62,279 points (3.3%), elapsed 0.3s
[01:06:58] replicate-wgs: 12,288/62,279 points (19.7%), elapsed 1.6s
[01:06:59] replicate-wgs: 22,528/62,279 points (36.2%), elapsed 2.6s
[01:07:00] replicate-wgs: 32,768/62,279 points (52.6%), elapsed 3.8s
[01:07:01] replicate-wgs: 43,008/62,279 points (69.1%), elapsed 4.8s
[01:07:02] replicate-wgs: 53,248/62,279 points (85.5%), elapsed 5.9s
[01:07:03] replicate-wgs: 62,279/62,279 points (100.0%), elapsed 6.9s
[01:07:03] replicate-wgs: wrote replicate_wgs_pyvista_volume.npz and metrics
[01:07:03] shadow-nullspace: synthesizing phases
[01:07:03] shadow-nullspace: evaluating 62,279 grid points in blocks of 2048
[01:07:03] shadow-nullspace: 2,048/62,279 points (3.3%), elapsed 7.2s
[01:07:05] shadow-nullspace: 12,288/62,279 points (19.7%), elapsed 8.3s
[01:07:06] shadow-nullspace: 22,528/62,279 points (36.2%), elapsed 9.4s
[01:07:07] shadow-nullspace: 32,768/62,279 points (52.6%), elapsed 10.4s
[01:07:08] shadow-nullspace: 43,008/62,279 points (69.1%), elapsed 11.5s
[01:07:09] shadow-nullspace: 53,248/62,279 points (85.5%), elapsed 12.5s
[01:07:10] shadow-nullspace: 62,279/62,279 points (100.0%), elapsed 13.4s
[01:07:10] shadow-nullspace: wrote shadow_nullspace_pyvista_volume.npz and metrics
[01:07:10] curvature-boost: synthesizing phases
[01:07:10] curvature-boost: evaluating 62,279 grid points in blocks of 2048
[01:07:10] curvature-boost: 2,048/62,279 points (3.3%), elapsed 13.7s
[01:07:11] curvature-boost: 12,288/62,279 points (19.7%), elapsed 14.8s
[01:07:12] curvature-boost: 22,528/62,279 points (36.2%), elapsed 15.9s
[01:07:13] curvature-boost: 32,768/62,279 points (52.6%), elapsed 16.9s
[01:07:14] curvature-boost: 43,008/62,279 points (69.1%), elapsed 18.0s
[01:07:15] curvature-boost: 53,248/62,279 points (85.5%), elapsed 19.0s
[01:07:16] curvature-boost: 62,279/62,279 points (100.0%), elapsed 20.0s
[01:07:16] curvature-boost: wrote curvature_boost_pyvista_volume.npz and metrics
[01:07:16] done in 20.0s
