[01:06:49] start: methods=('replicate-wgs', 'shadow-nullspace', 'curvature-boost'), grid=(25, 17, 21), points=8,925, block=1024, max_seconds=60.0
[01:06:49] replicate-wgs: synthesizing phases
[01:06:49] replicate-wgs: evaluating 8,925 grid points in blocks of 1024
[01:06:49] replicate-wgs: 1,024/8,925 points (11.5%), elapsed 0.2s
[01:06:49] replicate-wgs: 6,144/8,925 points (68.8%), elapsed 0.7s
[01:06:50] replicate-wgs: 8,925/8,925 points (100.0%), elapsed 1.1s
[01:06:50] replicate-wgs: wrote replicate_wgs_pyvista_volume.npz and metrics
[01:06:50] shadow-nullspace: synthesizing phases
[01:06:50] shadow-nullspace: evaluating 8,925 grid points in blocks of 1024
[01:06:50] shadow-nullspace: 1,024/8,925 points (11.5%), elapsed 1.2s
[01:06:51] shadow-nullspace: 6,144/8,925 points (68.8%), elapsed 1.8s
[01:06:51] shadow-nullspace: 8,925/8,925 points (100.0%), elapsed 2.1s
[01:06:51] shadow-nullspace: wrote shadow_nullspace_pyvista_volume.npz and metrics
[01:06:51] curvature-boost: synthesizing phases
[01:06:51] curvature-boost: evaluating 8,925 grid points in blocks of 1024
[01:06:51] curvature-boost: 1,024/8,925 points (11.5%), elapsed 2.3s
[01:06:52] curvature-boost: 6,144/8,925 points (68.8%), elapsed 2.8s
[01:06:52] curvature-boost: 8,925/8,925 points (100.0%), elapsed 3.1s
[01:06:52] curvature-boost: wrote curvature_boost_pyvista_volume.npz and metrics
[01:06:52] done in 3.2s
