------------------------------------------------------------
Timing Analyzer Summary
------------------------------------------------------------

Type  : Slow 1200mV 85C Model Setup 'pll|altpll_component|auto_generated|pll1|clk[0]'
Slack : -4.460
TNS   : -445.859

Type  : Slow 1200mV 85C Model Setup 'sck'
Slack : -1.390
TNS   : -12.951

Type  : Slow 1200mV 85C Model Hold 'pll|altpll_component|auto_generated|pll1|clk[0]'
Slack : 0.427
TNS   : 0.000

Type  : Slow 1200mV 85C Model Hold 'sck'
Slack : 0.452
TNS   : 0.000

Type  : Slow 1200mV 85C Model Minimum Pulse Width 'sck'
Slack : -3.000
TNS   : -31.253

Type  : Slow 1200mV 85C Model Minimum Pulse Width 'CLK_24M576'
Slack : 20.217
TNS   : 0.000

Type  : Slow 1200mV 85C Model Minimum Pulse Width 'pll|altpll_component|auto_generated|pll1|clk[0]'
Slack : 23.918
TNS   : 0.000

Type  : Slow 1200mV 0C Model Setup 'pll|altpll_component|auto_generated|pll1|clk[0]'
Slack : -3.985
TNS   : -397.093

Type  : Slow 1200mV 0C Model Setup 'sck'
Slack : -1.247
TNS   : -11.410

Type  : Slow 1200mV 0C Model Hold 'pll|altpll_component|auto_generated|pll1|clk[0]'
Slack : 0.401
TNS   : 0.000

Type  : Slow 1200mV 0C Model Hold 'sck'
Slack : 0.401
TNS   : 0.000

Type  : Slow 1200mV 0C Model Minimum Pulse Width 'sck'
Slack : -3.000
TNS   : -31.253

Type  : Slow 1200mV 0C Model Minimum Pulse Width 'CLK_24M576'
Slack : 20.215
TNS   : 0.000

Type  : Slow 1200mV 0C Model Minimum Pulse Width 'pll|altpll_component|auto_generated|pll1|clk[0]'
Slack : 23.945
TNS   : 0.000

Type  : Fast 1200mV 0C Model Setup 'pll|altpll_component|auto_generated|pll1|clk[0]'
Slack : -2.195
TNS   : -224.049

Type  : Fast 1200mV 0C Model Setup 'sck'
Slack : -0.035
TNS   : -0.280

Type  : Fast 1200mV 0C Model Hold 'pll|altpll_component|auto_generated|pll1|clk[0]'
Slack : 0.159
TNS   : 0.000

Type  : Fast 1200mV 0C Model Hold 'sck'
Slack : 0.187
TNS   : 0.000

Type  : Fast 1200mV 0C Model Minimum Pulse Width 'sck'
Slack : -3.000
TNS   : -25.773

Type  : Fast 1200mV 0C Model Minimum Pulse Width 'CLK_24M576'
Slack : 19.828
TNS   : 0.000

Type  : Fast 1200mV 0C Model Minimum Pulse Width 'pll|altpll_component|auto_generated|pll1|clk[0]'
Slack : 24.119
TNS   : 0.000

------------------------------------------------------------
